Archive member included to satisfy reference by file (symbol)

c:/ac6/systemworkbench/plugins/fr.ac6.mcu.externaltools.arm-none.win32_1.17.0.201812190825/tools/compiler/bin/../lib/gcc/arm-none-eabi/7.3.1/../../../../arm-none-eabi/lib/thumb/v7e-m/fpv4-sp/hard\libc.a(lib_a-errno.o)
                              startup/sysmem.o (__errno)
c:/ac6/systemworkbench/plugins/fr.ac6.mcu.externaltools.arm-none.win32_1.17.0.201812190825/tools/compiler/bin/../lib/gcc/arm-none-eabi/7.3.1/../../../../arm-none-eabi/lib/thumb/v7e-m/fpv4-sp/hard\libc.a(lib_a-exit.o)
                              c:/ac6/systemworkbench/plugins/fr.ac6.mcu.externaltools.arm-none.win32_1.17.0.201812190825/tools/compiler/bin/../lib/gcc/arm-none-eabi/7.3.1/../../../../arm-none-eabi/lib/thumb/v7e-m/fpv4-sp/hard/crt0.o (exit)
c:/ac6/systemworkbench/plugins/fr.ac6.mcu.externaltools.arm-none.win32_1.17.0.201812190825/tools/compiler/bin/../lib/gcc/arm-none-eabi/7.3.1/../../../../arm-none-eabi/lib/thumb/v7e-m/fpv4-sp/hard\libc.a(lib_a-impure.o)
                              c:/ac6/systemworkbench/plugins/fr.ac6.mcu.externaltools.arm-none.win32_1.17.0.201812190825/tools/compiler/bin/../lib/gcc/arm-none-eabi/7.3.1/../../../../arm-none-eabi/lib/thumb/v7e-m/fpv4-sp/hard\libc.a(lib_a-exit.o) (_global_impure_ptr)
c:/ac6/systemworkbench/plugins/fr.ac6.mcu.externaltools.arm-none.win32_1.17.0.201812190825/tools/compiler/bin/../lib/gcc/arm-none-eabi/7.3.1/../../../../arm-none-eabi/lib/thumb/v7e-m/fpv4-sp/hard\libc.a(lib_a-init.o)
                              c:/ac6/systemworkbench/plugins/fr.ac6.mcu.externaltools.arm-none.win32_1.17.0.201812190825/tools/compiler/bin/../lib/gcc/arm-none-eabi/7.3.1/../../../../arm-none-eabi/lib/thumb/v7e-m/fpv4-sp/hard/crt0.o (__libc_init_array)
c:/ac6/systemworkbench/plugins/fr.ac6.mcu.externaltools.arm-none.win32_1.17.0.201812190825/tools/compiler/bin/../lib/gcc/arm-none-eabi/7.3.1/../../../../arm-none-eabi/lib/thumb/v7e-m/fpv4-sp/hard\libc.a(lib_a-locale.o)
                              src/lib/str2.o (__locale_ctype_ptr)
c:/ac6/systemworkbench/plugins/fr.ac6.mcu.externaltools.arm-none.win32_1.17.0.201812190825/tools/compiler/bin/../lib/gcc/arm-none-eabi/7.3.1/../../../../arm-none-eabi/lib/thumb/v7e-m/fpv4-sp/hard\libc.a(lib_a-mbtowc_r.o)
                              c:/ac6/systemworkbench/plugins/fr.ac6.mcu.externaltools.arm-none.win32_1.17.0.201812190825/tools/compiler/bin/../lib/gcc/arm-none-eabi/7.3.1/../../../../arm-none-eabi/lib/thumb/v7e-m/fpv4-sp/hard\libc.a(lib_a-locale.o) (__ascii_mbtowc)
c:/ac6/systemworkbench/plugins/fr.ac6.mcu.externaltools.arm-none.win32_1.17.0.201812190825/tools/compiler/bin/../lib/gcc/arm-none-eabi/7.3.1/../../../../arm-none-eabi/lib/thumb/v7e-m/fpv4-sp/hard\libc.a(lib_a-memset.o)
                              c:/ac6/systemworkbench/plugins/fr.ac6.mcu.externaltools.arm-none.win32_1.17.0.201812190825/tools/compiler/bin/../lib/gcc/arm-none-eabi/7.3.1/../../../../arm-none-eabi/lib/thumb/v7e-m/fpv4-sp/hard/crt0.o (memset)
c:/ac6/systemworkbench/plugins/fr.ac6.mcu.externaltools.arm-none.win32_1.17.0.201812190825/tools/compiler/bin/../lib/gcc/arm-none-eabi/7.3.1/../../../../arm-none-eabi/lib/thumb/v7e-m/fpv4-sp/hard\libc.a(lib_a-strcmp.o)
                              src/app/pccom_anly.o (strcmp)
c:/ac6/systemworkbench/plugins/fr.ac6.mcu.externaltools.arm-none.win32_1.17.0.201812190825/tools/compiler/bin/../lib/gcc/arm-none-eabi/7.3.1/../../../../arm-none-eabi/lib/thumb/v7e-m/fpv4-sp/hard\libc.a(lib_a-strlen.o)
                              src/app/dbgbrd_ctl.o (strlen)
c:/ac6/systemworkbench/plugins/fr.ac6.mcu.externaltools.arm-none.win32_1.17.0.201812190825/tools/compiler/bin/../lib/gcc/arm-none-eabi/7.3.1/../../../../arm-none-eabi/lib/thumb/v7e-m/fpv4-sp/hard\libc.a(lib_a-strncmp.o)
                              src/app/pccom_anly.o (strncmp)
c:/ac6/systemworkbench/plugins/fr.ac6.mcu.externaltools.arm-none.win32_1.17.0.201812190825/tools/compiler/bin/../lib/gcc/arm-none-eabi/7.3.1/../../../../arm-none-eabi/lib/thumb/v7e-m/fpv4-sp/hard\libc.a(lib_a-strncpy.o)
                              src/lib/sprintf.o (strncpy)
c:/ac6/systemworkbench/plugins/fr.ac6.mcu.externaltools.arm-none.win32_1.17.0.201812190825/tools/compiler/bin/../lib/gcc/arm-none-eabi/7.3.1/../../../../arm-none-eabi/lib/thumb/v7e-m/fpv4-sp/hard\libc.a(lib_a-strstr.o)
                              src/middle/pccom_getline.o (strstr)
c:/ac6/systemworkbench/plugins/fr.ac6.mcu.externaltools.arm-none.win32_1.17.0.201812190825/tools/compiler/bin/../lib/gcc/arm-none-eabi/7.3.1/../../../../arm-none-eabi/lib/thumb/v7e-m/fpv4-sp/hard\libc.a(lib_a-strtok.o)
                              src/app/pccom_anly.o (strtok)
c:/ac6/systemworkbench/plugins/fr.ac6.mcu.externaltools.arm-none.win32_1.17.0.201812190825/tools/compiler/bin/../lib/gcc/arm-none-eabi/7.3.1/../../../../arm-none-eabi/lib/thumb/v7e-m/fpv4-sp/hard\libc.a(lib_a-strtok_r.o)
[...]
Memory Configuration

Name             Origin             Length             Attributes
RAM              0x20000000         0x00018000         xrw
ROM              0x08000000         0x00080000         xr
*default*        0x00000000         0xffffffff

Linker script and memory map

LOAD c:/ac6/systemworkbench/plugins/fr.ac6.mcu.externaltools.arm-none.win32_1.17.0.201812190825/tools/compiler/bin/../lib/gcc/arm-none-eabi/7.3.1/thumb/v7e-m/fpv4-sp/hard/crti.o
LOAD c:/ac6/systemworkbench/plugins/fr.ac6.mcu.externaltools.arm-none.win32_1.17.0.201812190825/tools/compiler/bin/../lib/gcc/arm-none-eabi/7.3.1/thumb/v7e-m/fpv4-sp/hard/crtbegin.o
LOAD c:/ac6/systemworkbench/plugins/fr.ac6.mcu.externaltools.arm-none.win32_1.17.0.201812190825/tools/compiler/bin/../lib/gcc/arm-none-eabi/7.3.1/../../../../arm-none-eabi/lib/thumb/v7e-m/fpv4-sp/hard/crt0.o
LOAD src/app/dbgbrd_ctl.o
LOAD src/app/pccom_anly.o
LOAD src/debug/debug.o
LOAD src/driver/gpio.o
LOAD src/driver/nvic.o
LOAD src/driver/rcc.o
LOAD src/driver/timer.o
LOAD src/driver/uart.o
LOAD src/lib/sprintf.o
LOAD src/lib/str2.o
LOAD src/middle/pccom_getline.o
LOAD src/middle/pccom_rcv.o
LOAD src/middle/pccom_send.o
LOAD src/system/main.o
LOAD src/system/systm.o
LOAD src/templete.o
LOAD startup/startup_stm32.o
LOAD startup/sysmem.o
LOAD c:/ac6/systemworkbench/plugins/fr.ac6.mcu.externaltools.arm-none.win32_1.17.0.201812190825/tools/compiler/bin/../lib/gcc/arm-none-eabi/7.3.1/../../../../arm-none-eabi/lib/thumb/v7e-m/fpv4-sp/hard\libm.a
START GROUP
LOAD c:/ac6/systemworkbench/plugins/fr.ac6.mcu.externaltools.arm-none.win32_1.17.0.201812190825/tools/compiler/bin/../lib/gcc/arm-none-eabi/7.3.1/thumb/v7e-m/fpv4-sp/hard\libgcc.a
LOAD c:/ac6/systemworkbench/plugins/fr.ac6.mcu.externaltools.arm-none.win32_1.17.0.201812190825/tools/compiler/bin/../lib/gcc/arm-none-eabi/7.3.1/../../../../arm-none-eabi/lib/thumb/v7e-m/fpv4-sp/hard\libc.a
END GROUP
LOAD c:/ac6/systemworkbench/plugins/fr.ac6.mcu.externaltools.arm-none.win32_1.17.0.201812190825/tools/compiler/bin/../lib/gcc/arm-none-eabi/7.3.1/thumb/v7e-m/fpv4-sp/hard/crtend.o
LOAD c:/ac6/systemworkbench/plugins/fr.ac6.mcu.externaltools.arm-none.win32_1.17.0.201812190825/tools/compiler/bin/../lib/gcc/arm-none-eabi/7.3.1/thumb/v7e-m/fpv4-sp/hard/crtn.o
                0x20018000                _estack = 0x20018000
                0x00000000                _Min_Heap_Size = 0x0
                0x00000400                _Min_Stack_Size = 0x400

.isr_vector     0x08000000      0x194
                0x08000000                . = ALIGN (0x4)
 *(.isr_vector)
 .isr_vector    0x08000000      0x194 startup/startup_stm32.o
                0x08000000                g_pfnVectors
                0x08000194                . = ALIGN (0x4)

.text           0x080001c0     0x21b0
                0x080001c0                . = ALIGN (0x4)
 *(.text)
 .text          0x080001c0       0x40 c:/ac6/systemworkbench/plugins/fr.ac6.mcu.externaltools.arm-none.win32_1.17.0.201812190825/tools/compiler/bin/../lib/gcc/arm-none-eabi/7.3.1/thumb/v7e-m/fpv4-sp/hard/crtbegin.o
 .text          0x08000200      0x2dc c:/ac6/systemworkbench/plugins/fr.ac6.mcu.externaltools.arm-none.win32_1.17.0.201812190825/tools/compiler/bin/../lib/gcc/arm-none-eabi/7.3.1/../../../../arm-none-eabi/lib/thumb/v7e-m/fpv4-sp/hard\libc.a(lib_a-strcmp.o)
                0x08000208                strcmp
 *fill*         0x080004dc       0x24 
 .text          0x08000500       0xdc c:/ac6/systemworkbench/plugins/fr.ac6.mcu.externaltools.arm-none.win32_1.17.0.201812190825/tools/compiler/bin/../lib/gcc/arm-none-eabi/7.3.1/../../../../arm-none-eabi/lib/thumb/v7e-m/fpv4-sp/hard\libc.a(lib_a-strlen.o)
                0x08000500                strlen
 *fill*         0x080005dc        0x4 
 .text          0x080005e0       0xa0 c:/ac6/systemworkbench/plugins/fr.ac6.mcu.externaltools.arm-none.win32_1.17.0.201812190825/tools/compiler/bin/../lib/gcc/arm-none-eabi/7.3.1/../../../../arm-none-eabi/lib/thumb/v7e-m/fpv4-sp/hard\libc.a(lib_a-memchr.o)
                0x080005e0                memchr
 *(.text*)
 .text.dbgbrd_ctl_main
                0x08000680       0x64 src/app/dbgbrd_ctl.o
                0x08000680                dbgbrd_ctl_main
 .text.dbgbrd_ctl_initram
                0x080006e4        0xe src/app/dbgbrd_ctl.o
                0x080006e4                dbgbrd_ctl_initram
 *fill*         0x080006f2        0x2 
 .text.dbgbrd_ctl_pon
                0x080006f4       0xb4 src/app/dbgbrd_ctl.o
 .text.dbgbrd_ctl_poff
                0x080007a8       0xb4 src/app/dbgbrd_ctl.o
 .text.dbgbrd_ctl_pin
                0x0800085c       0xc4 src/app/dbgbrd_ctl.o
 .text.dbgbrd_ctl_ver
                0x08000920       0x3c src/app/dbgbrd_ctl.o
 .text.dbgbrd_ctl_help
                0x0800095c       0x18 src/app/dbgbrd_ctl.o
 .text.pccom_anly_get
                0x08000974       0xfc src/app/pccom_anly.o
                0x08000974                pccom_anly_get
 .text.pccom_anly_initram
                0x08000a70        0xe src/app/pccom_anly.o
                0x08000a70                pccom_anly_initram
 *fill*         0x08000a7e        0x2 
 .text.cmdanly_port
                0x08000a80       0xb0 src/app/pccom_anly.o
 .text.cmdanly_nothing
                0x08000b30       0x1c src/app/pccom_anly.o
 .text.debug_led_on
                0x08000b4c       0x12 src/debug/debug.o
                0x08000b4c                debug_led_on
 .text.debug_led_off
                0x08000b5e       0x12 src/debug/debug.o
                0x08000b5e                debug_led_off
 .text.stm32_gpio_init
                0x08000b70      0x10c src/driver/gpio.o
                0x08000b70                stm32_gpio_init
 .text.stm32_gpio_out
                0x08000c7c       0xbc src/driver/gpio.o
                0x08000c7c                stm32_gpio_out
 .text.stm32_gpio_in
                0x08000d38       0xb8 src/driver/gpio.o
                0x08000d38                stm32_gpio_in
 .text.cm4_nvic_init
                0x08000df0       0x30 src/driver/nvic.o
                0x08000df0                cm4_nvic_init
 .text.stm32_rcc_ahb1_peri_en
                0x08000e20       0x20 src/driver/rcc.o
                0x08000e20                stm32_rcc_ahb1_peri_en
 .text.stm32_rcc_ahb2_peri_en
                0x08000e40       0x20 src/driver/rcc.o
                0x08000e40                stm32_rcc_ahb2_peri_en
 .text.stm32_rcc_apb1_peri_en
                0x08000e60       0x20 src/driver/rcc.o
                0x08000e60                stm32_rcc_apb1_peri_en
 .text.stm32_rcc_apb2_peri_en
                0x08000e80       0x20 src/driver/rcc.o
                0x08000e80                stm32_rcc_apb2_peri_en
 .text.stm32_tim2_init
                0x08000ea0       0x48 src/driver/timer.o
                0x08000ea0                stm32_tim2_init
 .text.stm32_tim2_start
                0x08000ee8       0x2c src/driver/timer.o
                0x08000ee8                stm32_tim2_start
 .text.stm32_tim2_clrint
                0x08000f14       0x24 src/driver/timer.o
                0x08000f14                stm32_tim2_clrint
 .text.stm32_uart1_init
                0x08000f38       0x44 src/driver/uart.o
                0x08000f38                stm32_uart1_init
 .text.stm32_uart1_getrcv
                0x08000f7c       0x64 src/driver/uart.o
                0x08000f7c                stm32_uart1_getrcv
 .text.stm32_uart1_getrcvsts
                0x08000fe0       0x44 src/driver/uart.o
                0x08000fe0                stm32_uart1_getrcvsts
 .text.stm32_uart1_send
                0x08001024       0x44 src/driver/uart.o
                0x08001024                stm32_uart1_send
 .text.stm32_uart1_getsendsts
                0x08001068       0x30 src/driver/uart.o
                0x08001068                stm32_uart1_getsendsts
 .text.tsprintf
                0x08001098       0x2a src/lib/sprintf.o
                0x08001098                tsprintf
 *fill*         0x080010c2        0x2 
 .text.l_sprintf
                0x080010c4      0x1c8 src/lib/sprintf.o
 .text.l_Hex2Str
                0x0800128c       0x9c src/lib/sprintf.o
 .text.l_Int2Str
                0x08001328       0xb4 src/lib/sprintf.o
 .text.l_Char2Str
                0x080013dc       0x2a src/lib/sprintf.o
 .text.l_Str2Str
                0x08001406       0x2a src/lib/sprintf.o
 .text.str2dec  0x08001430       0x84 src/lib/str2.o
                0x08001430                str2dec
 .text.pccom_getline
                0x080014b4       0x58 src/middle/pccom_getline.o
                0x080014b4                pccom_getline
 .text.local_getline
                0x0800150c       0xe0 src/middle/pccom_getline.o
 .text.pccom_rcv_intr
                0x080015ec       0x58 src/middle/pccom_rcv.o
                0x080015ec                pccom_rcv_intr
 .text.pccom_rcv_get
                0x08001644       0x60 src/middle/pccom_rcv.o
                0x08001644                pccom_rcv_get
 .text.pccom_rcv_initram
                0x080016a4       0x3c src/middle/pccom_rcv.o
                0x080016a4                pccom_rcv_initram
 .text.pccom_send_cycle
                0x080016e0       0x70 src/middle/pccom_send.o
                0x080016e0                pccom_send_cycle
 .text.pccom_send_set
                0x08001750       0x94 src/middle/pccom_send.o
                0x08001750                pccom_send_set
 .text.pccom_send_sig4input
                0x080017e4       0x20 src/middle/pccom_send.o
                0x080017e4                pccom_send_sig4input
 .text.pccom_send_initram
                0x08001804       0x50 src/middle/pccom_send.o
                0x08001804                pccom_send_initram
 .text.main     0x08001854       0x68 src/system/main.o
                0x08001854                main
 .text.hwinit   0x080018bc       0x46 src/system/main.o
 .text.modinit  0x08001902       0x1c src/system/main.o
 *fill*         0x0800191e        0x2 
 .text.systm_intr
                0x08001920       0x80 src/system/systm.o
                0x08001920                systm_intr
 .text.systm_getcnt
                0x080019a0       0x24 src/system/systm.o
                0x080019a0                systm_getcnt
 .text.systm_init_ram
                0x080019c4       0x18 src/system/systm.o
                0x080019c4                systm_init_ram
 .text.Reset_Handler
                0x080019dc       0x50 startup/startup_stm32.o
                0x080019dc                Reset_Handler
 .text.Default_Handler
                0x08001a2c        0x2 startup/startup_stm32.o
                0x08001a2c                RTC_Alarm_IRQHandler
                0x08001a2c                EXTI2_IRQHandler
                0x08001a2c                DebugMon_Handler
                0x08001a2c                SPI4_IRQHandler
                0x08001a2c                TIM1_CC_IRQHandler
                0x08001a2c                HardFault_Handler
                0x08001a2c                SysTick_Handler
                0x08001a2c                PVD_IRQHandler
                0x08001a2c                SDIO_IRQHandler
                0x08001a2c                TAMP_STAMP_IRQHandler
                0x08001a2c                PendSV_Handler
                0x08001a2c                NMI_Handler
                0x08001a2c                EXTI3_IRQHandler
                0x08001a2c                TIM1_UP_TIM10_IRQHandler
                0x08001a2c                I2C3_ER_IRQHandler
                0x08001a2c                EXTI0_IRQHandler
                0x08001a2c                I2C2_EV_IRQHandler
                0x08001a2c                FPU_IRQHandler
                0x08001a2c                UsageFault_Handler
                0x08001a2c                SPI1_IRQHandler
                0x08001a2c                TIM1_BRK_TIM9_IRQHandler
                0x08001a2c                USART6_IRQHandler
                0x08001a2c                I2C1_EV_IRQHandler
                0x08001a2c                TIM3_IRQHandler
                0x08001a2c                RCC_IRQHandler
                0x08001a2c                Default_Handler
                0x08001a2c                EXTI15_10_IRQHandler
                0x08001a2c                ADC_IRQHandler
                0x08001a2c                I2C3_EV_IRQHandler
                0x08001a2c                EXTI9_5_IRQHandler
                0x08001a2c                RTC_WKUP_IRQHandler
                0x08001a2c                SPI2_IRQHandler
                0x08001a2c                MemManage_Handler
                0x08001a2c                SVC_Handler
                0x08001a2c                EXTI4_IRQHandler
                0x08001a2c                OTG_FS_WKUP_IRQHandler
                0x08001a2c                TIM1_TRG_COM_TIM11_IRQHandler
                0x08001a2c                EXTI1_IRQHandler
                0x08001a2c                USART2_IRQHandler
                0x08001a2c                I2C2_ER_IRQHandler
                0x08001a2c                FLASH_IRQHandler
                0x08001a2c                BusFault_Handler
                0x08001a2c                OTG_FS_IRQHandler
                0x08001a2c                SPI3_IRQHandler
                0x08001a2c                I2C1_ER_IRQHandler
 *fill*         0x08001a2e        0x2 
 .text.__libc_init_array
                0x08001a30       0x48 c:/ac6/systemworkbench/plugins/fr.ac6.mcu.externaltools.arm-none.win32_1.17.0.201812190825/tools/compiler/bin/../lib/gcc/arm-none-eabi/7.3.1/../../../../arm-none-eabi/lib/thumb/v7e-m/fpv4-sp/hard\libc.a(lib_a-init.o)
                0x08001a30                __libc_init_array
 .text.__locale_ctype_ptr
                0x08001a78       0x1c c:/ac6/systemworkbench/plugins/fr.ac6.mcu.externaltools.arm-none.win32_1.17.0.201812190825/tools/compiler/bin/../lib/gcc/arm-none-eabi/7.3.1/../../../../arm-none-eabi/lib/thumb/v7e-m/fpv4-sp/hard\libc.a(lib_a-locale.o)
                0x08001a78                __locale_ctype_ptr
 .text.__ascii_mbtowc
                0x08001a94       0x2c c:/ac6/systemworkbench/plugins/fr.ac6.mcu.externaltools.arm-none.win32_1.17.0.201812190825/tools/compiler/bin/../lib/gcc/arm-none-eabi/7.3.1/../../../../arm-none-eabi/lib/thumb/v7e-m/fpv4-sp/hard\libc.a(lib_a-mbtowc_r.o)
                0x08001a94                __ascii_mbtowc
 .text.strncmp  0x08001ac0       0x98 c:/ac6/systemworkbench/plugins/fr.ac6.mcu.externaltools.arm-none.win32_1.17.0.201812190825/tools/compiler/bin/../lib/gcc/arm-none-eabi/7.3.1/../../../../arm-none-eabi/lib/thumb/v7e-m/fpv4-sp/hard\libc.a(lib_a-strncmp.o)
                0x08001ac0                strncmp
 .text.strncpy  0x08001b58       0x64 c:/ac6/systemworkbench/plugins/fr.ac6.mcu.externaltools.arm-none.win32_1.17.0.201812190825/tools/compiler/bin/../lib/gcc/arm-none-eabi/7.3.1/../../../../arm-none-eabi/lib/thumb/v7e-m/fpv4-sp/hard\libc.a(lib_a-strncpy.o)
                0x08001b58                strncpy
 .text.critical_factorization
                0x08001bbc       0xb4 c:/ac6/systemworkbench/plugins/fr.ac6.mcu.externaltools.arm-none.win32_1.17.0.201812190825/tools/compiler/bin/../lib/gcc/arm-none-eabi/7.3.1/../../../../arm-none-eabi/lib/thumb/v7e-m/fpv4-sp/hard\libc.a(lib_a-strstr.o)
 .text.two_way_long_needle
                0x08001c70      0x1f8 c:/ac6/systemworkbench/plugins/fr.ac6.mcu.externaltools.arm-none.win32_1.17.0.201812190825/tools/compiler/bin/../lib/gcc/arm-none-eabi/7.3.1/../../../../arm-none-eabi/lib/thumb/v7e-m/fpv4-sp/hard\libc.a(lib_a-strstr.o)
 .text.strstr   0x08001e68      0x1f8 c:/ac6/systemworkbench/plugins/fr.ac6.mcu.externaltools.arm-none.win32_1.17.0.201812190825/tools/compiler/bin/../lib/gcc/arm-none-eabi/7.3.1/../../../../arm-none-eabi/lib/thumb/v7e-m/fpv4-sp/hard\libc.a(lib_a-strstr.o)
                0x08001e68                strstr
 .text.strtok   0x08002060       0x10 c:/ac6/systemworkbench/plugins/fr.ac6.mcu.externaltools.arm-none.win32_1.17.0.201812190825/tools/compiler/bin/../lib/gcc/arm-none-eabi/7.3.1/../../../../arm-none-eabi/lib/thumb/v7e-m/fpv4-sp/hard\libc.a(lib_a-strtok.o)
                0x08002060                strtok
 .text.__strtok_r
                0x08002070       0x64 c:/ac6/systemworkbench/plugins/fr.ac6.mcu.externaltools.arm-none.win32_1.17.0.201812190825/tools/compiler/bin/../lib/gcc/arm-none-eabi/7.3.1/../../../../arm-none-eabi/lib/thumb/v7e-m/fpv4-sp/hard\libc.a(lib_a-strtok_r.o)
                0x08002070                __strtok_r
 .text.__ascii_wctomb
                0x080020d4       0x1c c:/ac6/systemworkbench/plugins/fr.ac6.mcu.externaltools.arm-none.win32_1.17.0.201812190825/tools/compiler/bin/../lib/gcc/arm-none-eabi/7.3.1/../../../../arm-none-eabi/lib/thumb/v7e-m/fpv4-sp/hard\libc.a(lib_a-wctomb_r.o)
                0x080020d4                __ascii_wctomb
 .text.startup.register_fini
                0x080020f0       0x14 c:/ac6/systemworkbench/plugins/fr.ac6.mcu.externaltools.arm-none.win32_1.17.0.201812190825/tools/compiler/bin/../lib/gcc/arm-none-eabi/7.3.1/../../../../arm-none-eabi/lib/thumb/v7e-m/fpv4-sp/hard\libc.a(lib_a-__call_atexit.o)
 .text.atexit   0x08002104        0xc c:/ac6/systemworkbench/plugins/fr.ac6.mcu.externaltools.arm-none.win32_1.17.0.201812190825/tools/compiler/bin/../lib/gcc/arm-none-eabi/7.3.1/../../../../arm-none-eabi/lib/thumb/v7e-m/fpv4-sp/hard\libc.a(lib_a-atexit.o)
                0x08002104                atexit
 .text.__libc_fini_array
                0x08002110       0x34 c:/ac6/systemworkbench/plugins/fr.ac6.mcu.externaltools.arm-none.win32_1.17.0.201812190825/tools/compiler/bin/../lib/gcc/arm-none-eabi/7.3.1/../../../../arm-none-eabi/lib/thumb/v7e-m/fpv4-sp/hard\libc.a(lib_a-fini.o)
                0x08002110                __libc_fini_array
 .text.__retarget_lock_acquire_recursive
                0x08002144        0x4 c:/ac6/systemworkbench/plugins/fr.ac6.mcu.externaltools.arm-none.win32_1.17.0.201812190825/tools/compiler/bin/../lib/gcc/arm-none-eabi/7.3.1/../../../../arm-none-eabi/lib/thumb/v7e-m/fpv4-sp/hard\libc.a(lib_a-lock.o)
                0x08002144                __retarget_lock_acquire_recursive
 .text.__retarget_lock_release_recursive
                0x08002148        0x4 c:/ac6/systemworkbench/plugins/fr.ac6.mcu.externaltools.arm-none.win32_1.17.0.201812190825/tools/compiler/bin/../lib/gcc/arm-none-eabi/7.3.1/../../../../arm-none-eabi/lib/thumb/v7e-m/fpv4-sp/hard\libc.a(lib_a-lock.o)
                0x08002148                __retarget_lock_release_recursive
 .text.memcmp   0x0800214c       0x64 c:/ac6/systemworkbench/plugins/fr.ac6.mcu.externaltools.arm-none.win32_1.17.0.201812190825/tools/compiler/bin/../lib/gcc/arm-none-eabi/7.3.1/../../../../arm-none-eabi/lib/thumb/v7e-m/fpv4-sp/hard\libc.a(lib_a-memcmp.o)
                0x0800214c                memcmp
 .text.strchr   0x080021b0       0xe8 c:/ac6/systemworkbench/plugins/fr.ac6.mcu.externaltools.arm-none.win32_1.17.0.201812190825/tools/compiler/bin/../lib/gcc/arm-none-eabi/7.3.1/../../../../arm-none-eabi/lib/thumb/v7e-m/fpv4-sp/hard\libc.a(lib_a-strchr.o)
                0x080021b0                strchr
 .text.__register_exitproc
                0x08002298       0xc0 c:/ac6/systemworkbench/plugins/fr.ac6.mcu.externaltools.arm-none.win32_1.17.0.201812190825/tools/compiler/bin/../lib/gcc/arm-none-eabi/7.3.1/../../../../arm-none-eabi/lib/thumb/v7e-m/fpv4-sp/hard\libc.a(lib_a-__atexit.o)
                0x08002298                __register_exitproc
 *(.glue_7)
 .glue_7        0x08002358        0x0 linker stubs
 *(.glue_7t)
 .glue_7t       0x08002358        0x0 linker stubs
 *(.eh_frame)
 .eh_frame      0x08002358        0x0 c:/ac6/systemworkbench/plugins/fr.ac6.mcu.externaltools.arm-none.win32_1.17.0.201812190825/tools/compiler/bin/../lib/gcc/arm-none-eabi/7.3.1/thumb/v7e-m/fpv4-sp/hard/crtbegin.o
 *(.init)
 .init          0x08002358        0x4 c:/ac6/systemworkbench/plugins/fr.ac6.mcu.externaltools.arm-none.win32_1.17.0.201812190825/tools/compiler/bin/../lib/gcc/arm-none-eabi/7.3.1/thumb/v7e-m/fpv4-sp/hard/crti.o
                0x08002358                _init
 .init          0x0800235c        0x8 c:/ac6/systemworkbench/plugins/fr.ac6.mcu.externaltools.arm-none.win32_1.17.0.201812190825/tools/compiler/bin/../lib/gcc/arm-none-eabi/7.3.1/thumb/v7e-m/fpv4-sp/hard/crtn.o
 *(.fini)
 .fini          0x08002364        0x4 c:/ac6/systemworkbench/plugins/fr.ac6.mcu.externaltools.arm-none.win32_1.17.0.201812190825/tools/compiler/bin/../lib/gcc/arm-none-eabi/7.3.1/thumb/v7e-m/fpv4-sp/hard/crti.o
                0x08002364                _fini
 .fini          0x08002368        0x8 c:/ac6/systemworkbench/plugins/fr.ac6.mcu.externaltools.arm-none.win32_1.17.0.201812190825/tools/compiler/bin/../lib/gcc/arm-none-eabi/7.3.1/thumb/v7e-m/fpv4-sp/hard/crtn.o
                0x08002370                . = ALIGN (0x4)
                0x08002370                _etext = .

.vfp11_veneer   0x08002370        0x0
 .vfp11_veneer  0x08002370        0x0 linker stubs

.v4_bx          0x08002370        0x0
 .v4_bx         0x08002370        0x0 linker stubs

.iplt           0x08002370        0x0
 .iplt          0x08002370        0x0 c:/ac6/systemworkbench/plugins/fr.ac6.mcu.externaltools.arm-none.win32_1.17.0.201812190825/tools/compiler/bin/../lib/gcc/arm-none-eabi/7.3.1/thumb/v7e-m/fpv4-sp/hard/crtbegin.o

.rodata         0x08002370      0x3fc
                0x08002370                . = ALIGN (0x4)
 *(.rodata)
 .rodata        0x08002370      0x193 src/app/dbgbrd_ctl.o
 *fill*         0x08002503        0x1 
 .rodata        0x08002504       0x6e src/app/pccom_anly.o
 *fill*         0x08002572        0x2 
 .rodata        0x08002574       0x60 src/driver/gpio.o
                0x08002574                GPIO_USAGE_TABLE
 .rodata        0x080025d4        0x3 src/middle/pccom_getline.o
 *fill*         0x080025d7        0x1 
 .rodata        0x080025d8        0x5 src/middle/pccom_send.o
 *fill*         0x080025dd        0x3 
 .rodata        0x080025e0       0x6e src/system/main.o
 *(.rodata*)
 *fill*         0x0800264e        0x2 
 .rodata._global_impure_ptr
                0x08002650        0x4 c:/ac6/systemworkbench/plugins/fr.ac6.mcu.externaltools.arm-none.win32_1.17.0.201812190825/tools/compiler/bin/../lib/gcc/arm-none-eabi/7.3.1/../../../../arm-none-eabi/lib/thumb/v7e-m/fpv4-sp/hard\libc.a(lib_a-impure.o)
                0x08002650                _global_impure_ptr
 .rodata._setlocale_r.str1.4
                0x08002654        0xd c:/ac6/systemworkbench/plugins/fr.ac6.mcu.externaltools.arm-none.win32_1.17.0.201812190825/tools/compiler/bin/../lib/gcc/arm-none-eabi/7.3.1/../../../../arm-none-eabi/lib/thumb/v7e-m/fpv4-sp/hard\libc.a(lib_a-locale.o)
 *fill*         0x08002661        0x3 
 .rodata.str1.4
                0x08002664        0x4 c:/ac6/systemworkbench/plugins/fr.ac6.mcu.externaltools.arm-none.win32_1.17.0.201812190825/tools/compiler/bin/../lib/gcc/arm-none-eabi/7.3.1/../../../../arm-none-eabi/lib/thumb/v7e-m/fpv4-sp/hard\libc.a(lib_a-locale.o)
                                  0x2 (size before relaxing)
 .rodata._ctype_
                0x08002668      0x101 c:/ac6/systemworkbench/plugins/fr.ac6.mcu.externaltools.arm-none.win32_1.17.0.201812190825/tools/compiler/bin/../lib/gcc/arm-none-eabi/7.3.1/../../../../arm-none-eabi/lib/thumb/v7e-m/fpv4-sp/hard\libc.a(lib_a-ctype_.o)
                0x08002668                _ctype_
                0x0800276c                . = ALIGN (0x4)
 *fill*         0x08002769        0x3 

.rel.dyn        0x0800276c        0x0
 .rel.iplt      0x0800276c        0x0 c:/ac6/systemworkbench/plugins/fr.ac6.mcu.externaltools.arm-none.win32_1.17.0.201812190825/tools/compiler/bin/../lib/gcc/arm-none-eabi/7.3.1/thumb/v7e-m/fpv4-sp/hard/crtbegin.o

.ARM.extab      0x0800276c        0x0
                0x0800276c                . = ALIGN (0x4)
 *(.ARM.extab* .gnu.linkonce.armextab.*)
                0x0800276c                . = ALIGN (0x4)

.ARM            0x0800276c        0x0
                0x0800276c                . = ALIGN (0x4)
                0x0800276c                __exidx_start = .
 *(.ARM.exidx*)
                0x0800276c                __exidx_end = .
                0x0800276c                . = ALIGN (0x4)

.preinit_array  0x0800276c        0x0
                0x0800276c                . = ALIGN (0x4)
                0x0800276c                PROVIDE (__preinit_array_start = .)
 *(.preinit_array*)
                0x0800276c                PROVIDE (__preinit_array_end = .)
                0x0800276c                . = ALIGN (0x4)

.init_array     0x0800276c        0x8
                0x0800276c                . = ALIGN (0x4)
                0x0800276c                PROVIDE (__init_array_start = .)
 *(SORT_BY_NAME(.init_array.*))
 .init_array.00000
                0x0800276c        0x4 c:/ac6/systemworkbench/plugins/fr.ac6.mcu.externaltools.arm-none.win32_1.17.0.201812190825/tools/compiler/bin/../lib/gcc/arm-none-eabi/7.3.1/../../../../arm-none-eabi/lib/thumb/v7e-m/fpv4-sp/hard\libc.a(lib_a-__call_atexit.o)
 *(.init_array*)
 .init_array    0x08002770        0x4 c:/ac6/systemworkbench/plugins/fr.ac6.mcu.externaltools.arm-none.win32_1.17.0.201812190825/tools/compiler/bin/../lib/gcc/arm-none-eabi/7.3.1/thumb/v7e-m/fpv4-sp/hard/crtbegin.o
                0x08002774                PROVIDE (__init_array_end = .)
                0x08002774                . = ALIGN (0x4)

.fini_array     0x08002774        0x4
                0x08002774                . = ALIGN (0x4)
                0x08002774                PROVIDE (__fini_array_start = .)
 *(SORT_BY_NAME(.fini_array.*))
 *(.fini_array*)
 .fini_array    0x08002774        0x4 c:/ac6/systemworkbench/plugins/fr.ac6.mcu.externaltools.arm-none.win32_1.17.0.201812190825/tools/compiler/bin/../lib/gcc/arm-none-eabi/7.3.1/thumb/v7e-m/fpv4-sp/hard/crtbegin.o
                0x08002778                PROVIDE (__fini_array_end = .)
                0x08002778                . = ALIGN (0x4)
                0x08002778                _sidata = LOADADDR (.data)

.data           0x20000000      0x620 load address 0x08002778
                0x20000000                . = ALIGN (0x4)
                0x20000000                _sdata = .
 *(.data)
 .data          0x20000000       0x18 src/app/dbgbrd_ctl.o
 .data          0x20000018       0x6c src/app/pccom_anly.o
 *(.data*)
 .data._impure_ptr
                0x20000084        0x4 c:/ac6/systemworkbench/plugins/fr.ac6.mcu.externaltools.arm-none.win32_1.17.0.201812190825/tools/compiler/bin/../lib/gcc/arm-none-eabi/7.3.1/../../../../arm-none-eabi/lib/thumb/v7e-m/fpv4-sp/hard\libc.a(lib_a-impure.o)
                0x20000084                _impure_ptr
 .data.impure_data
                0x20000088      0x428 c:/ac6/systemworkbench/plugins/fr.ac6.mcu.externaltools.arm-none.win32_1.17.0.201812190825/tools/compiler/bin/../lib/gcc/arm-none-eabi/7.3.1/../../../../arm-none-eabi/lib/thumb/v7e-m/fpv4-sp/hard\libc.a(lib_a-impure.o)
 .data.__global_locale
                0x200004b0      0x16c c:/ac6/systemworkbench/plugins/fr.ac6.mcu.externaltools.arm-none.win32_1.17.0.201812190825/tools/compiler/bin/../lib/gcc/arm-none-eabi/7.3.1/../../../../arm-none-eabi/lib/thumb/v7e-m/fpv4-sp/hard\libc.a(lib_a-locale.o)
                0x200004b0                __global_locale
 .data.__atexit_recursive_mutex
                0x2000061c        0x4 c:/ac6/systemworkbench/plugins/fr.ac6.mcu.externaltools.arm-none.win32_1.17.0.201812190825/tools/compiler/bin/../lib/gcc/arm-none-eabi/7.3.1/../../../../arm-none-eabi/lib/thumb/v7e-m/fpv4-sp/hard\libc.a(lib_a-__call_atexit.o)
                0x2000061c                __atexit_recursive_mutex
                0x20000620                . = ALIGN (0x4)
                0x20000620                _edata = .

.igot.plt       0x20000620        0x0 load address 0x08002d98
 .igot.plt      0x20000620        0x0 c:/ac6/systemworkbench/plugins/fr.ac6.mcu.externaltools.arm-none.win32_1.17.0.201812190825/tools/compiler/bin/../lib/gcc/arm-none-eabi/7.3.1/thumb/v7e-m/fpv4-sp/hard/crtbegin.o
                0x20000620                . = ALIGN (0x4)

.bss            0x20000620      0x24c load address 0x08002d98
                0x20000620                _sbss = .
                0x20000620                __bss_start__ = _sbss
 *(.bss)
 .bss           0x20000620       0x1c c:/ac6/systemworkbench/plugins/fr.ac6.mcu.externaltools.arm-none.win32_1.17.0.201812190825/tools/compiler/bin/../lib/gcc/arm-none-eabi/7.3.1/thumb/v7e-m/fpv4-sp/hard/crtbegin.o
 .bss           0x2000063c       0x53 src/app/pccom_anly.o
 *fill*         0x2000068f        0x1 
 .bss           0x20000690       0x56 src/middle/pccom_getline.o
 *fill*         0x200006e6        0x2 
 .bss           0x200006e8       0x52 src/middle/pccom_rcv.o
 *fill*         0x2000073a        0x2 
 .bss           0x2000073c      0x106 src/middle/pccom_send.o
 *fill*         0x20000842        0x2 
 .bss           0x20000844        0x4 src/system/systm.o
 *(.bss*)
 *(COMMON)
 COMMON         0x20000848       0x21 c:/ac6/systemworkbench/plugins/fr.ac6.mcu.externaltools.arm-none.win32_1.17.0.201812190825/tools/compiler/bin/../lib/gcc/arm-none-eabi/7.3.1/../../../../arm-none-eabi/lib/thumb/v7e-m/fpv4-sp/hard\libc.a(lib_a-lock.o)
                0x20000848                __lock___atexit_recursive_mutex
                0x2000084c                __lock___arc4random_mutex
                0x20000850                __lock___env_recursive_mutex
                0x20000854                __lock___sinit_recursive_mutex
                0x20000858                __lock___malloc_recursive_mutex
                0x2000085c                __lock___at_quick_exit_mutex
                0x20000860                __lock___dd_hash_mutex
                0x20000864                __lock___tz_mutex
                0x20000868                __lock___sfp_recursive_mutex
                0x2000086c                . = ALIGN (0x4)
 *fill*         0x20000869        0x3 
                0x2000086c                _ebss = .
                0x2000086c                __bss_end__ = _ebss

._user_heap_stack
                0x2000086c      0x404 load address 0x08002d98
                0x20000870                . = ALIGN (0x8)
 *fill*         0x2000086c        0x4 
                0x20000870                PROVIDE (end = .)
                [!provide]                PROVIDE (_end = .)
                0x20000870                . = (. + _Min_Heap_Size)
                0x20000c70                . = (. + _Min_Stack_Size)
 *fill*         0x20000870      0x400 
                0x20000c70                . = ALIGN (0x8)

/DISCARD/
 libc.a(*)
 libm.a(*)
 libgcc.a(*)

.ARM.attributes
                0x00000000       0x30
 *(.ARM.attributes)
 .ARM.attributes
                0x00000000       0x22 c:/ac6/systemworkbench/plugins/fr.ac6.mcu.externaltools.arm-none.win32_1.17.0.201812190825/tools/compiler/bin/../lib/gcc/arm-none-eabi/7.3.1/thumb/v7e-m/fpv4-sp/hard/crti.o
 .ARM.attributes
                0x00000022       0x34 c:/ac6/systemworkbench/plugins/fr.ac6.mcu.externaltools.arm-none.win32_1.17.0.201812190825/tools/compiler/bin/../lib/gcc/arm-none-eabi/7.3.1/thumb/v7e-m/fpv4-sp/hard/crtbegin.o
 .ARM.attributes
                0x00000056       0x39 src/app/dbgbrd_ctl.o
 .ARM.attributes
                0x0000008f       0x39 src/app/pccom_anly.o
 .ARM.attributes
                0x000000c8       0x39 src/debug/debug.o
 .ARM.attributes
                0x00000101       0x39 src/driver/gpio.o
 .ARM.attributes
                0x0000013a       0x39 src/driver/nvic.o
 .ARM.attributes
                0x00000173       0x39 src/driver/rcc.o
 .ARM.attributes
                0x000001ac       0x39 src/driver/timer.o
 .ARM.attributes
                0x000001e5       0x39 src/driver/uart.o
 .ARM.attributes
                0x0000021e       0x39 src/lib/sprintf.o
 .ARM.attributes
                0x00000257       0x39 src/lib/str2.o
 .ARM.attributes
                0x00000290       0x39 src/middle/pccom_getline.o
 .ARM.attributes
                0x000002c9       0x39 src/middle/pccom_rcv.o
 .ARM.attributes
                0x00000302       0x39 src/middle/pccom_send.o
 .ARM.attributes
                0x0000033b       0x39 src/system/main.o
 .ARM.attributes
                0x00000374       0x39 src/system/systm.o
 .ARM.attributes
                0x000003ad       0x21 startup/startup_stm32.o
 .ARM.attributes
                0x000003ce       0x34 c:/ac6/systemworkbench/plugins/fr.ac6.mcu.externaltools.arm-none.win32_1.17.0.201812190825/tools/compiler/bin/../lib/gcc/arm-none-eabi/7.3.1/../../../../arm-none-eabi/lib/thumb/v7e-m/fpv4-sp/hard\libc.a(lib_a-impure.o)
 .ARM.attributes
                0x00000402       0x34 c:/ac6/systemworkbench/plugins/fr.ac6.mcu.externaltools.arm-none.win32_1.17.0.201812190825/tools/compiler/bin/../lib/gcc/arm-none-eabi/7.3.1/../../../../arm-none-eabi/lib/thumb/v7e-m/fpv4-sp/hard\libc.a(lib_a-init.o)
 .ARM.attributes
                0x00000436       0x34 c:/ac6/systemworkbench/plugins/fr.ac6.mcu.externaltools.arm-none.win32_1.17.0.201812190825/tools/compiler/bin/../lib/gcc/arm-none-eabi/7.3.1/../../../../arm-none-eabi/lib/thumb/v7e-m/fpv4-sp/hard\libc.a(lib_a-locale.o)
 .ARM.attributes
                0x0000046a       0x34 c:/ac6/systemworkbench/plugins/fr.ac6.mcu.externaltools.arm-none.win32_1.17.0.201812190825/tools/compiler/bin/../lib/gcc/arm-none-eabi/7.3.1/../../../../arm-none-eabi/lib/thumb/v7e-m/fpv4-sp/hard\libc.a(lib_a-mbtowc_r.o)
 .ARM.attributes
                0x0000049e       0x20 c:/ac6/systemworkbench/plugins/fr.ac6.mcu.externaltools.arm-none.win32_1.17.0.201812190825/tools/compiler/bin/../lib/gcc/arm-none-eabi/7.3.1/../../../../arm-none-eabi/lib/thumb/v7e-m/fpv4-sp/hard\libc.a(lib_a-strcmp.o)
 .ARM.attributes
                0x000004be       0x20 c:/ac6/systemworkbench/plugins/fr.ac6.mcu.externaltools.arm-none.win32_1.17.0.201812190825/tools/compiler/bin/../lib/gcc/arm-none-eabi/7.3.1/../../../../arm-none-eabi/lib/thumb/v7e-m/fpv4-sp/hard\libc.a(lib_a-strlen.o)
 .ARM.attributes
                0x000004de       0x34 c:/ac6/systemworkbench/plugins/fr.ac6.mcu.externaltools.arm-none.win32_1.17.0.201812190825/tools/compiler/bin/../lib/gcc/arm-none-eabi/7.3.1/../../../../arm-none-eabi/lib/thumb/v7e-m/fpv4-sp/hard\libc.a(lib_a-strncmp.o)
 .ARM.attributes
                0x00000512       0x34 c:/ac6/systemworkbench/plugins/fr.ac6.mcu.externaltools.arm-none.win32_1.17.0.201812190825/tools/compiler/bin/../lib/gcc/arm-none-eabi/7.3.1/../../../../arm-none-eabi/lib/thumb/v7e-m/fpv4-sp/hard\libc.a(lib_a-strncpy.o)
 .ARM.attributes
                0x00000546       0x34 c:/ac6/systemworkbench/plugins/fr.ac6.mcu.externaltools.arm-none.win32_1.17.0.201812190825/tools/compiler/bin/../lib/gcc/arm-none-eabi/7.3.1/../../../../arm-none-eabi/lib/thumb/v7e-m/fpv4-sp/hard\libc.a(lib_a-strstr.o)
 .ARM.attributes
                0x0000057a       0x34 c:/ac6/systemworkbench/plugins/fr.ac6.mcu.externaltools.arm-none.win32_1.17.0.201812190825/tools/compiler/bin/../lib/gcc/arm-none-eabi/7.3.1/../../../../arm-none-eabi/lib/thumb/v7e-m/fpv4-sp/hard\libc.a(lib_a-strtok.o)
 .ARM.attributes
                0x000005ae       0x34 c:/ac6/systemworkbench/plugins/fr.ac6.mcu.externaltools.arm-none.win32_1.17.0.201812190825/tools/compiler/bin/../lib/gcc/arm-none-eabi/7.3.1/../../../../arm-none-eabi/lib/thumb/v7e-m/fpv4-sp/hard\libc.a(lib_a-strtok_r.o)
 .ARM.attributes
                0x000005e2       0x34 c:/ac6/systemworkbench/plugins/fr.ac6.mcu.externaltools.arm-none.win32_1.17.0.201812190825/tools/compiler/bin/../lib/gcc/arm-none-eabi/7.3.1/../../../../arm-none-eabi/lib/thumb/v7e-m/fpv4-sp/hard\libc.a(lib_a-wctomb_r.o)
 .ARM.attributes
                0x00000616       0x34 c:/ac6/systemworkbench/plugins/fr.ac6.mcu.externaltools.arm-none.win32_1.17.0.201812190825/tools/compiler/bin/../lib/gcc/arm-none-eabi/7.3.1/../../../../arm-none-eabi/lib/thumb/v7e-m/fpv4-sp/hard\libc.a(lib_a-__call_atexit.o)
 .ARM.attributes
                0x0000064a       0x34 c:/ac6/systemworkbench/plugins/fr.ac6.mcu.externaltools.arm-none.win32_1.17.0.201812190825/tools/compiler/bin/../lib/gcc/arm-none-eabi/7.3.1/../../../../arm-none-eabi/lib/thumb/v7e-m/fpv4-sp/hard\libc.a(lib_a-atexit.o)
 .ARM.attributes
                0x0000067e       0x34 c:/ac6/systemworkbench/plugins/fr.ac6.mcu.externaltools.arm-none.win32_1.17.0.201812190825/tools/compiler/bin/../lib/gcc/arm-none-eabi/7.3.1/../../../../arm-none-eabi/lib/thumb/v7e-m/fpv4-sp/hard\libc.a(lib_a-ctype_.o)
 .ARM.attributes
                0x000006b2       0x34 c:/ac6/systemworkbench/plugins/fr.ac6.mcu.externaltools.arm-none.win32_1.17.0.201812190825/tools/compiler/bin/../lib/gcc/arm-none-eabi/7.3.1/../../../../arm-none-eabi/lib/thumb/v7e-m/fpv4-sp/hard\libc.a(lib_a-fini.o)
 .ARM.attributes
                0x000006e6       0x34 c:/ac6/systemworkbench/plugins/fr.ac6.mcu.externaltools.arm-none.win32_1.17.0.201812190825/tools/compiler/bin/../lib/gcc/arm-none-eabi/7.3.1/../../../../arm-none-eabi/lib/thumb/v7e-m/fpv4-sp/hard\libc.a(lib_a-lock.o)
 .ARM.attributes
                0x0000071a       0x20 c:/ac6/systemworkbench/plugins/fr.ac6.mcu.externaltools.arm-none.win32_1.17.0.201812190825/tools/compiler/bin/../lib/gcc/arm-none-eabi/7.3.1/../../../../arm-none-eabi/lib/thumb/v7e-m/fpv4-sp/hard\libc.a(lib_a-memchr.o)
 .ARM.attributes
                0x0000073a       0x34 c:/ac6/systemworkbench/plugins/fr.ac6.mcu.externaltools.arm-none.win32_1.17.0.201812190825/tools/compiler/bin/../lib/gcc/arm-none-eabi/7.3.1/../../../../arm-none-eabi/lib/thumb/v7e-m/fpv4-sp/hard\libc.a(lib_a-memcmp.o)
 .ARM.attributes
                0x0000076e       0x34 c:/ac6/systemworkbench/plugins/fr.ac6.mcu.externaltools.arm-none.win32_1.17.0.201812190825/tools/compiler/bin/../lib/gcc/arm-none-eabi/7.3.1/../../../../arm-none-eabi/lib/thumb/v7e-m/fpv4-sp/hard\libc.a(lib_a-strchr.o)
 .ARM.attributes
                0x000007a2       0x34 c:/ac6/systemworkbench/plugins/fr.ac6.mcu.externaltools.arm-none.win32_1.17.0.201812190825/tools/compiler/bin/../lib/gcc/arm-none-eabi/7.3.1/../../../../arm-none-eabi/lib/thumb/v7e-m/fpv4-sp/hard\libc.a(lib_a-__atexit.o)
 .ARM.attributes
                0x000007d6       0x22 c:/ac6/systemworkbench/plugins/fr.ac6.mcu.externaltools.arm-none.win32_1.17.0.201812190825/tools/compiler/bin/../lib/gcc/arm-none-eabi/7.3.1/thumb/v7e-m/fpv4-sp/hard/crtn.o
OUTPUT(io_test.elf elf32-littlearm)

.debug_info     0x00000000     0x4ac5
 .debug_info    0x00000000      0xb7e src/app/dbgbrd_ctl.o
 .debug_info    0x00000b7e      0xc23 src/app/pccom_anly.o
 .debug_info    0x000017a1       0xf5 src/debug/debug.o
 .debug_info    0x00001896      0x1cc src/driver/gpio.o
 .debug_info    0x00001a62       0x6c src/driver/nvic.o
 .debug_info    0x00001ace       0xf2 src/driver/rcc.o
 .debug_info    0x00001bc0       0x9f src/driver/timer.o
 .debug_info    0x00001c5f      0x189 src/driver/uart.o
 .debug_info    0x00001de8      0xb2b src/lib/sprintf.o
 .debug_info    0x00002913      0x992 src/lib/str2.o
 .debug_info    0x000032a5      0x9ec src/middle/pccom_getline.o
 .debug_info    0x00003c91      0x141 src/middle/pccom_rcv.o
 .debug_info    0x00003dd2      0x18b src/middle/pccom_send.o
 .debug_info    0x00003f5d      0xa74 src/system/main.o
 .debug_info    0x000049d1       0xd2 src/system/systm.o
 .debug_info    0x00004aa3       0x22 startup/startup_stm32.o

.debug_abbrev   0x00000000     0x1331
 .debug_abbrev  0x00000000      0x28b src/app/dbgbrd_ctl.o
 .debug_abbrev  0x0000028b      0x266 src/app/pccom_anly.o
 .debug_abbrev  0x000004f1       0x8d src/debug/debug.o
 .debug_abbrev  0x0000057e      0x12b src/driver/gpio.o
 .debug_abbrev  0x000006a9       0x3a src/driver/nvic.o
 .debug_abbrev  0x000006e3       0x70 src/driver/rcc.o
 .debug_abbrev  0x00000753       0x3a src/driver/timer.o
 .debug_abbrev  0x0000078d       0xb5 src/driver/uart.o
 .debug_abbrev  0x00000842      0x235 src/lib/sprintf.o
 .debug_abbrev  0x00000a77      0x207 src/lib/str2.o
 .debug_abbrev  0x00000c7e      0x221 src/middle/pccom_getline.o
 .debug_abbrev  0x00000e9f       0xc5 src/middle/pccom_rcv.o
 .debug_abbrev  0x00000f64       0xe1 src/middle/pccom_send.o
 .debug_abbrev  0x00001045      0x241 src/system/main.o
 .debug_abbrev  0x00001286       0x99 src/system/systm.o
 .debug_abbrev  0x0000131f       0x12 startup/startup_stm32.o

.debug_aranges  0x00000000      0x348
 .debug_aranges
                0x00000000       0x50 src/app/dbgbrd_ctl.o
 .debug_aranges
                0x00000050       0x38 src/app/pccom_anly.o
 .debug_aranges
                0x00000088       0x28 src/debug/debug.o
 .debug_aranges
                0x000000b0       0x30 src/driver/gpio.o
 .debug_aranges
                0x000000e0       0x20 src/driver/nvic.o
 .debug_aranges
                0x00000100       0x38 src/driver/rcc.o
 .debug_aranges
                0x00000138       0x38 src/driver/timer.o
 .debug_aranges
                0x00000170       0x40 src/driver/uart.o
 .debug_aranges
                0x000001b0       0x48 src/lib/sprintf.o
 .debug_aranges
                0x000001f8       0x28 src/lib/str2.o
 .debug_aranges
                0x00000220       0x30 src/middle/pccom_getline.o
 .debug_aranges
                0x00000250       0x30 src/middle/pccom_rcv.o
 .debug_aranges
                0x00000280       0x38 src/middle/pccom_send.o
 .debug_aranges
                0x000002b8       0x30 src/system/main.o
 .debug_aranges
                0x000002e8       0x38 src/system/systm.o
 .debug_aranges
                0x00000320       0x28 startup/startup_stm32.o

.debug_ranges   0x00000000      0x250
 .debug_ranges  0x00000000       0x40 src/app/dbgbrd_ctl.o
 .debug_ranges  0x00000040       0x28 src/app/pccom_anly.o
 .debug_ranges  0x00000068       0x18 src/debug/debug.o
 .debug_ranges  0x00000080       0x20 src/driver/gpio.o
 .debug_ranges  0x000000a0       0x10 src/driver/nvic.o
 .debug_ranges  0x000000b0       0x28 src/driver/rcc.o
 .debug_ranges  0x000000d8       0x28 src/driver/timer.o
 .debug_ranges  0x00000100       0x30 src/driver/uart.o
 .debug_ranges  0x00000130       0x38 src/lib/sprintf.o
 .debug_ranges  0x00000168       0x18 src/lib/str2.o
 .debug_ranges  0x00000180       0x20 src/middle/pccom_getline.o
 .debug_ranges  0x000001a0       0x20 src/middle/pccom_rcv.o
 .debug_ranges  0x000001c0       0x28 src/middle/pccom_send.o
 .debug_ranges  0x000001e8       0x20 src/system/main.o
 .debug_ranges  0x00000208       0x28 src/system/systm.o
 .debug_ranges  0x00000230       0x20 startup/startup_stm32.o

.debug_macro    0x00000000     0x33e1
 .debug_macro   0x00000000      0x14f src/app/dbgbrd_ctl.o
 .debug_macro   0x0000014f      0xa66 src/app/dbgbrd_ctl.o
 .debug_macro   0x00000bb5       0x22 src/app/dbgbrd_ctl.o
 .debug_macro   0x00000bd7       0x58 src/app/dbgbrd_ctl.o
 .debug_macro   0x00000c2f       0x18 src/app/dbgbrd_ctl.o
 .debug_macro   0x00000c47       0x94 src/app/dbgbrd_ctl.o
 .debug_macro   0x00000cdb       0x35 src/app/dbgbrd_ctl.o
 .debug_macro   0x00000d10       0x34 src/app/dbgbrd_ctl.o
 .debug_macro   0x00000d44      0x174 src/app/dbgbrd_ctl.o
 .debug_macro   0x00000eb8       0x57 src/app/dbgbrd_ctl.o
 .debug_macro   0x00000f0f       0x58 src/app/dbgbrd_ctl.o
 .debug_macro   0x00000f67       0x1f src/app/dbgbrd_ctl.o
 .debug_macro   0x00000f86       0x43 src/app/dbgbrd_ctl.o
 .debug_macro   0x00000fc9       0x20 src/app/dbgbrd_ctl.o
 .debug_macro   0x00000fe9      0x18e src/app/dbgbrd_ctl.o
 .debug_macro   0x00001177      0x330 src/app/dbgbrd_ctl.o
 .debug_macro   0x000014a7       0x10 src/app/dbgbrd_ctl.o
 .debug_macro   0x000014b7       0x35 src/app/dbgbrd_ctl.o
 .debug_macro   0x000014ec       0x4c src/app/dbgbrd_ctl.o
 .debug_macro   0x00001538       0x28 src/app/dbgbrd_ctl.o
 .debug_macro   0x00001560       0x10 src/app/dbgbrd_ctl.o
 .debug_macro   0x00001570       0x1c src/app/dbgbrd_ctl.o
 .debug_macro   0x0000158c       0x16 src/app/dbgbrd_ctl.o
 .debug_macro   0x000015a2       0x16 src/app/dbgbrd_ctl.o
 .debug_macro   0x000015b8      0x190 src/app/pccom_anly.o
 .debug_macro   0x00001748       0x10 src/app/pccom_anly.o
 .debug_macro   0x00001758       0x22 src/app/pccom_anly.o
 .debug_macro   0x0000177a       0x10 src/app/pccom_anly.o
 .debug_macro   0x0000178a       0x3c src/debug/debug.o
 .debug_macro   0x000017c6       0x22 src/debug/debug.o
 .debug_macro   0x000017e8       0x16 src/debug/debug.o
 .debug_macro   0x000017fe       0xcc src/driver/gpio.o
 .debug_macro   0x000018ca      0x8af src/driver/gpio.o
 .debug_macro   0x00002179       0x22 src/driver/gpio.o
 .debug_macro   0x0000219b       0x3c src/driver/nvic.o
 .debug_macro   0x000021d7       0x10 src/driver/nvic.o
 .debug_macro   0x000021e7       0x3c src/driver/rcc.o
 .debug_macro   0x00002223       0xd6 src/driver/rcc.o
 .debug_macro   0x000022f9       0x3c src/driver/timer.o
 .debug_macro   0x00002335       0x10 src/driver/timer.o
 .debug_macro   0x00002345       0x54 src/driver/uart.o
 .debug_macro   0x00002399       0x10 src/driver/uart.o
 .debug_macro   0x000023a9      0x111 src/lib/sprintf.o
 .debug_macro   0x000024ba       0x58 src/lib/sprintf.o
 .debug_macro   0x00002512       0x16 src/lib/sprintf.o
 .debug_macro   0x00002528      0x130 src/lib/str2.o
 .debug_macro   0x00002658      0x111 src/lib/str2.o
 .debug_macro   0x00002769       0x10 src/lib/str2.o
 .debug_macro   0x00002779      0x124 src/middle/pccom_getline.o
 .debug_macro   0x0000289d       0x16 src/middle/pccom_getline.o
 .debug_macro   0x000028b3       0x22 src/middle/pccom_getline.o
 .debug_macro   0x000028d5       0x3c src/middle/pccom_rcv.o
 .debug_macro   0x00002911       0x10 src/middle/pccom_rcv.o
 .debug_macro   0x00002921       0x1c src/middle/pccom_rcv.o
 .debug_macro   0x0000293d       0x3c src/middle/pccom_send.o
 .debug_macro   0x00002979       0x1c src/middle/pccom_send.o
 .debug_macro   0x00002995      0x25f src/system/main.o
 .debug_macro   0x00002bf4       0x16 src/system/main.o
 .debug_macro   0x00002c0a       0x97 src/system/main.o
 .debug_macro   0x00002ca1       0xfd src/system/main.o
 .debug_macro   0x00002d9e       0x10 src/system/main.o
 .debug_macro   0x00002dae       0x10 src/system/main.o
 .debug_macro   0x00002dbe       0x6a src/system/main.o
 .debug_macro   0x00002e28       0x1c src/system/main.o
 .debug_macro   0x00002e44       0x52 src/system/main.o
 .debug_macro   0x00002e96       0x40 src/system/main.o
 .debug_macro   0x00002ed6       0x10 src/system/main.o
 .debug_macro   0x00002ee6       0x40 src/system/main.o
 .debug_macro   0x00002f26       0xd7 src/system/main.o
 .debug_macro   0x00002ffd       0x1c src/system/main.o
 .debug_macro   0x00003019       0x3d src/system/main.o
 .debug_macro   0x00003056       0x16 src/system/main.o
 .debug_macro   0x0000306c      0x16f src/system/main.o
 .debug_macro   0x000031db       0x16 src/system/main.o
 .debug_macro   0x000031f1       0xdc src/system/main.o
 .debug_macro   0x000032cd       0x16 src/system/main.o
 .debug_macro   0x000032e3       0x16 src/system/main.o
 .debug_macro   0x000032f9       0x16 src/system/main.o
 .debug_macro   0x0000330f       0x1c src/system/main.o
 .debug_macro   0x0000332b       0x16 src/system/main.o
 .debug_macro   0x00003341       0x16 src/system/main.o
 .debug_macro   0x00003357       0x16 src/system/main.o
 .debug_macro   0x0000336d       0x4e src/system/systm.o
 .debug_macro   0x000033bb       0x10 src/system/systm.o
 .debug_macro   0x000033cb       0x16 src/system/systm.o

.debug_line     0x00000000     0x228f
 .debug_line    0x00000000      0x478 src/app/dbgbrd_ctl.o
 .debug_line    0x00000478      0x432 src/app/pccom_anly.o
 .debug_line    0x000008aa       0xa7 src/debug/debug.o
 .debug_line    0x00000951       0xfd src/driver/gpio.o
 .debug_line    0x00000a4e       0x99 src/driver/nvic.o
 .debug_line    0x00000ae7       0xce src/driver/rcc.o
 .debug_line    0x00000bb5       0xe0 src/driver/timer.o
 .debug_line    0x00000c95       0xff src/driver/uart.o
 .debug_line    0x00000d94      0x49d src/lib/sprintf.o
 .debug_line    0x00001231      0x3d2 src/lib/str2.o
 .debug_line    0x00001603      0x400 src/middle/pccom_getline.o
 .debug_line    0x00001a03       0xf2 src/middle/pccom_rcv.o
 .debug_line    0x00001af5      0x10b src/middle/pccom_send.o
 .debug_line    0x00001c00      0x51c src/system/main.o
 .debug_line    0x0000211c       0xf7 src/system/systm.o
 .debug_line    0x00002213       0x7c startup/startup_stm32.o

.debug_str      0x00000000     0xe8d0
 .debug_str     0x00000000     0x63bd src/app/dbgbrd_ctl.o
                               0x651a (size before relaxing)
 .debug_str     0x000063bd      0x295 src/app/pccom_anly.o
                               0x6554 (size before relaxing)
 .debug_str     0x00006652       0x47 src/debug/debug.o
                               0x3020 (size before relaxing)
 .debug_str     0x00006699     0x5a9d src/driver/gpio.o
                               0x8a77 (size before relaxing)
 .debug_str     0x0000c136       0x38 src/driver/nvic.o
                               0x8626 (size before relaxing)
 .debug_str     0x0000c16e      0x4ae src/driver/rcc.o
                               0x8a9c (size before relaxing)
 .debug_str     0x0000c61c       0x70 src/driver/timer.o
                               0x865e (size before relaxing)
 .debug_str     0x0000c68c      0x142 src/driver/uart.o
                               0x873d (size before relaxing)
 .debug_str     0x0000c7ce      0x1b6 src/lib/sprintf.o
                               0x6187 (size before relaxing)
 .debug_str     0x0000c984      0x893 src/lib/str2.o
                               0x69ef (size before relaxing)
 .debug_str     0x0000d217      0x102 src/middle/pccom_getline.o
                               0x62b2 (size before relaxing)
 .debug_str     0x0000d319       0x6d src/middle/pccom_rcv.o
                               0x2fe5 (size before relaxing)
 .debug_str     0x0000d386       0xac src/middle/pccom_send.o
                               0x3022 (size before relaxing)
 .debug_str     0x0000d432     0x1413 src/system/main.o
                               0x7c5f (size before relaxing)
 .debug_str     0x0000e845       0x62 src/system/systm.o
                               0x2fc7 (size before relaxing)
 .debug_str     0x0000e8a7       0x29 startup/startup_stm32.o
                                 0x57 (size before relaxing)

.comment        0x00000000       0x7f
 .comment       0x00000000       0x7f src/app/dbgbrd_ctl.o
                                 0x80 (size before relaxing)
 .comment       0x0000007f       0x80 src/app/pccom_anly.o
 .comment       0x0000007f       0x80 src/debug/debug.o
 .comment       0x0000007f       0x80 src/driver/gpio.o
 .comment       0x0000007f       0x80 src/driver/nvic.o
 .comment       0x0000007f       0x80 src/driver/rcc.o
 .comment       0x0000007f       0x80 src/driver/timer.o
 .comment       0x0000007f       0x80 src/driver/uart.o
 .comment       0x0000007f       0x80 src/lib/sprintf.o
 .comment       0x0000007f       0x80 src/lib/str2.o
 .comment       0x0000007f       0x80 src/middle/pccom_getline.o
 .comment       0x0000007f       0x80 src/middle/pccom_rcv.o
 .comment       0x0000007f       0x80 src/middle/pccom_send.o
 .comment       0x0000007f       0x80 src/system/main.o
 .comment       0x0000007f       0x80 src/system/systm.o

.debug_frame    0x00000000      0xdc0
 .debug_frame   0x00000000      0x104 src/app/dbgbrd_ctl.o
 .debug_frame   0x00000104       0xa4 src/app/pccom_anly.o
 .debug_frame   0x000001a8       0x48 src/debug/debug.o
 .debug_frame   0x000001f0       0x80 src/driver/gpio.o
 .debug_frame   0x00000270       0x30 src/driver/nvic.o
 .debug_frame   0x000002a0       0xb0 src/driver/rcc.o
 .debug_frame   0x00000350       0x90 src/driver/timer.o
 .debug_frame   0x000003e0       0xcc src/driver/uart.o
 .debug_frame   0x000004ac      0x108 src/lib/sprintf.o
 .debug_frame   0x000005b4       0x58 src/lib/str2.o
 .debug_frame   0x0000060c       0x80 src/middle/pccom_getline.o
 .debug_frame   0x0000068c       0x84 src/middle/pccom_rcv.o
 .debug_frame   0x00000710       0xa8 src/middle/pccom_send.o
 .debug_frame   0x000007b8       0x70 src/system/main.o
 .debug_frame   0x00000828       0x94 src/system/systm.o
 .debug_frame   0x000008bc       0x2c c:/ac6/systemworkbench/plugins/fr.ac6.mcu.externaltools.arm-none.win32_1.17.0.201812190825/tools/compiler/bin/../lib/gcc/arm-none-eabi/7.3.1/../../../../arm-none-eabi/lib/thumb/v7e-m/fpv4-sp/hard\libc.a(lib_a-init.o)
 .debug_frame   0x000008e8       0x6c c:/ac6/systemworkbench/plugins/fr.ac6.mcu.externaltools.arm-none.win32_1.17.0.201812190825/tools/compiler/bin/../lib/gcc/arm-none-eabi/7.3.1/../../../../arm-none-eabi/lib/thumb/v7e-m/fpv4-sp/hard\libc.a(lib_a-locale.o)
 .debug_frame   0x00000954       0x4c c:/ac6/systemworkbench/plugins/fr.ac6.mcu.externaltools.arm-none.win32_1.17.0.201812190825/tools/compiler/bin/../lib/gcc/arm-none-eabi/7.3.1/../../../../arm-none-eabi/lib/thumb/v7e-m/fpv4-sp/hard\libc.a(lib_a-mbtowc_r.o)
 .debug_frame   0x000009a0       0x68 c:/ac6/systemworkbench/plugins/fr.ac6.mcu.externaltools.arm-none.win32_1.17.0.201812190825/tools/compiler/bin/../lib/gcc/arm-none-eabi/7.3.1/../../../../arm-none-eabi/lib/thumb/v7e-m/fpv4-sp/hard\libc.a(lib_a-strcmp.o)
 .debug_frame   0x00000a08       0x48 c:/ac6/systemworkbench/plugins/fr.ac6.mcu.externaltools.arm-none.win32_1.17.0.201812190825/tools/compiler/bin/../lib/gcc/arm-none-eabi/7.3.1/../../../../arm-none-eabi/lib/thumb/v7e-m/fpv4-sp/hard\libc.a(lib_a-strncmp.o)
 .debug_frame   0x00000a50       0x34 c:/ac6/systemworkbench/plugins/fr.ac6.mcu.externaltools.arm-none.win32_1.17.0.201812190825/tools/compiler/bin/../lib/gcc/arm-none-eabi/7.3.1/../../../../arm-none-eabi/lib/thumb/v7e-m/fpv4-sp/hard\libc.a(lib_a-strncpy.o)
 .debug_frame   0x00000a84       0x9c c:/ac6/systemworkbench/plugins/fr.ac6.mcu.externaltools.arm-none.win32_1.17.0.201812190825/tools/compiler/bin/../lib/gcc/arm-none-eabi/7.3.1/../../../../arm-none-eabi/lib/thumb/v7e-m/fpv4-sp/hard\libc.a(lib_a-strstr.o)
 .debug_frame   0x00000b20       0x20 c:/ac6/systemworkbench/plugins/fr.ac6.mcu.externaltools.arm-none.win32_1.17.0.201812190825/tools/compiler/bin/../lib/gcc/arm-none-eabi/7.3.1/../../../../arm-none-eabi/lib/thumb/v7e-m/fpv4-sp/hard\libc.a(lib_a-strtok.o)
 .debug_frame   0x00000b40       0x48 c:/ac6/systemworkbench/plugins/fr.ac6.mcu.externaltools.arm-none.win32_1.17.0.201812190825/tools/compiler/bin/../lib/gcc/arm-none-eabi/7.3.1/../../../../arm-none-eabi/lib/thumb/v7e-m/fpv4-sp/hard\libc.a(lib_a-strtok_r.o)
 .debug_frame   0x00000b88       0x3c c:/ac6/systemworkbench/plugins/fr.ac6.mcu.externaltools.arm-none.win32_1.17.0.201812190825/tools/compiler/bin/../lib/gcc/arm-none-eabi/7.3.1/../../../../arm-none-eabi/lib/thumb/v7e-m/fpv4-sp/hard\libc.a(lib_a-wctomb_r.o)
 .debug_frame   0x00000bc4       0x5c c:/ac6/systemworkbench/plugins/fr.ac6.mcu.externaltools.arm-none.win32_1.17.0.201812190825/tools/compiler/bin/../lib/gcc/arm-none-eabi/7.3.1/../../../../arm-none-eabi/lib/thumb/v7e-m/fpv4-sp/hard\libc.a(lib_a-__call_atexit.o)
 .debug_frame   0x00000c20       0x20 c:/ac6/systemworkbench/plugins/fr.ac6.mcu.externaltools.arm-none.win32_1.17.0.201812190825/tools/compiler/bin/../lib/gcc/arm-none-eabi/7.3.1/../../../../arm-none-eabi/lib/thumb/v7e-m/fpv4-sp/hard\libc.a(lib_a-atexit.o)
 .debug_frame   0x00000c40       0x34 c:/ac6/systemworkbench/plugins/fr.ac6.mcu.externaltools.arm-none.win32_1.17.0.201812190825/tools/compiler/bin/../lib/gcc/arm-none-eabi/7.3.1/../../../../arm-none-eabi/lib/thumb/v7e-m/fpv4-sp/hard\libc.a(lib_a-fini.o)
 .debug_frame   0x00000c74       0xb0 c:/ac6/systemworkbench/plugins/fr.ac6.mcu.externaltools.arm-none.win32_1.17.0.201812190825/tools/compiler/bin/../lib/gcc/arm-none-eabi/7.3.1/../../../../arm-none-eabi/lib/thumb/v7e-m/fpv4-sp/hard\libc.a(lib_a-lock.o)
 .debug_frame   0x00000d24       0x38 c:/ac6/systemworkbench/plugins/fr.ac6.mcu.externaltools.arm-none.win32_1.17.0.201812190825/tools/compiler/bin/../lib/gcc/arm-none-eabi/7.3.1/../../../../arm-none-eabi/lib/thumb/v7e-m/fpv4-sp/hard\libc.a(lib_a-memcmp.o)
 .debug_frame   0x00000d5c       0x30 c:/ac6/systemworkbench/plugins/fr.ac6.mcu.externaltools.arm-none.win32_1.17.0.201812190825/tools/compiler/bin/../lib/gcc/arm-none-eabi/7.3.1/../../../../arm-none-eabi/lib/thumb/v7e-m/fpv4-sp/hard\libc.a(lib_a-strchr.o)
 .debug_frame   0x00000d8c       0x34 c:/ac6/systemworkbench/plugins/fr.ac6.mcu.externaltools.arm-none.win32_1.17.0.201812190825/tools/compiler/bin/../lib/gcc/arm-none-eabi/7.3.1/../../../../arm-none-eabi/lib/thumb/v7e-m/fpv4-sp/hard\libc.a(lib_a-__atexit.o)
